./agenda/andreas-herz.html
./agenda/edin-van-andel.html
./agenda/enrico-branca.html
./agenda/fuzzing-cc-programs.html
./agenda.html
./agenda/joao-collier-de-mendonca.html
./agenda/martin-von-knobloch.html
./agenda/michael-messner.html
./agenda/mike-west.html
./agenda/philipp-krenn.html
./agenda/powershell-forensics.html
./agenda/stefan-hager.html
./agenda/tls-analysis-with-o-saft.html
./agenda/yago-hansen.html
./cfp.html
./code-of-conduct.html
./datenschutzerklärung.html
./impressum.html
./index.html
./organization.html
./photos-2017.html
./press.html
./registration.html
./_site/agenda/andreas-herz.html
./_site/agenda/edin-van-andel.html
./_site/agenda/enrico-branca.html
./_site/agenda/fuzzing-cc-programs.html
./_site/agenda.html
./_site/agenda/joao-collier-de-mendonca.html
./_site/agenda/martin-von-knobloch.html
./_site/agenda/michael-messner.html
./_site/agenda/mike-west.html
./_site/agenda/philipp-krenn.html
./_site/agenda/powershell-forensics.html
./_site/agenda/stefan-hager.html
./_site/agenda/tls-analysis-with-o-saft.html
./_site/agenda/yago-hansen.html
./_site/cfp.html
./_site/code-of-conduct.html
./_site/datenschutzerklärung.html
./_site/impressum.html
./_site/index.html
./_site/organization.html
./_site/photos-2017.html
./_site/press.html
./_site/registration.html
./_site/sponsors.html
./_site/survey.html
./sponsors.html
./survey.html
